parent-srgb hung_berns None mapped/rejected/continued 0 78 0
parent-srgb ebner_fairchild None mapped/rejected/continued 0 70 0
parent-srgb munsell None mapped/rejected/continued 0 1232 0
parent-srgb xiao_unique_hues 1.7425659709829548 mapped/rejected/continued 0 0 0
parent-srgb osa_ucs_1974 0.26908050182233706 mapped/rejected/continued 0 19 0
parent-srgb macadam1942 0.28649379633899985 mapped/rejected/continued 0 300 0
parent-srgb luo_rigg_ellipses 0.27041590348604505 mapped/rejected/continued 0 605 0
parent-srgb alder1982 0.2956013303103356 mapped/rejected/continued 0 364 0
parent-srgb regan_1994_cvd_ellipses 0.19843492291908185 mapped/rejected/continued 0 8 0
parent-srgb koenderink_2026_3d_metric_field 0.3229890029987318 mapped/rejected/continued 0 0 0
parent-srgb brown_1957_12obs_ellipsoids None mapped/rejected/continued 0 396 0
parent-srgb wyszecki_fielder_1971_ellipsoids 0.31685422857260603 mapped/rejected/continued 0 278 0
parent-srgb brown_macadam_1949_ellipsoids None mapped/rejected/continued 0 1045 0
parent-srgb huang_2012_cielab_ellipses 0.31974596190999915 mapped/rejected/continued 0 34 0
parent-srgb berns_1991_rit_dupont_tolerance_vectors 0.3595844687933356 mapped/rejected/continued 0 16 0
parent-srgb hong_2025_ellipsoids 0.25062032026869996 mapped/rejected/continued 0 0 0
FINISHED parent-srgb 30.958685816186932 29.41050532898966
balanced-srgb hung_berns None mapped/rejected/continued 0 78 0
balanced-srgb ebner_fairchild None mapped/rejected/continued 0 70 0
balanced-srgb munsell None mapped/rejected/continued 0 1232 0
balanced-srgb xiao_unique_hues 1.7425659709829548 mapped/rejected/continued 0 0 0
balanced-srgb osa_ucs_1974 0.27485595962527076 mapped/rejected/continued 0 19 0
balanced-srgb macadam1942 0.29545883241445076 mapped/rejected/continued 0 300 0
balanced-srgb luo_rigg_ellipses 0.2761923725876358 mapped/rejected/continued 0 605 0
balanced-srgb alder1982 0.29572164278827257 mapped/rejected/continued 0 364 0
balanced-srgb regan_1994_cvd_ellipses 0.2075037257658511 mapped/rejected/continued 0 8 0
balanced-srgb koenderink_2026_3d_metric_field 0.31851267616622664 mapped/rejected/continued 0 0 0
balanced-srgb brown_1957_12obs_ellipsoids None mapped/rejected/continued 0 396 0
balanced-srgb wyszecki_fielder_1971_ellipsoids 0.3183646210509246 mapped/rejected/continued 0 278 0
balanced-srgb brown_macadam_1949_ellipsoids None mapped/rejected/continued 0 1045 0
balanced-srgb huang_2012_cielab_ellipses 0.3192066528809586 mapped/rejected/continued 0 34 0
balanced-srgb berns_1991_rit_dupont_tolerance_vectors 0.35695403403177783 mapped/rejected/continued 0 16 0
balanced-srgb hong_2025_ellipsoids 0.26247164764123604 mapped/rejected/continued 0 0 0
FINISHED balanced-srgb 31.055225108098146 29.281170389187118
gentle-srgb hung_berns None mapped/rejected/continued 0 78 0
gentle-srgb ebner_fairchild None mapped/rejected/continued 0 70 0
gentle-srgb munsell None mapped/rejected/continued 0 1232 0
gentle-srgb xiao_unique_hues 1.7425659709829548 mapped/rejected/continued 0 0 0
gentle-srgb osa_ucs_1974 0.2725279994681716 mapped/rejected/continued 0 19 0
gentle-srgb macadam1942 0.28491389141180823 mapped/rejected/continued 0 300 0
gentle-srgb luo_rigg_ellipses 0.2708591999367891 mapped/rejected/continued 0 605 0
gentle-srgb alder1982 0.28999310078465285 mapped/rejected/continued 0 364 0
gentle-srgb regan_1994_cvd_ellipses 0.20950439310521599 mapped/rejected/continued 0 8 0
gentle-srgb koenderink_2026_3d_metric_field 0.31871947404633716 mapped/rejected/continued 0 0 0
gentle-srgb brown_1957_12obs_ellipsoids None mapped/rejected/continued 0 396 0
gentle-srgb wyszecki_fielder_1971_ellipsoids 0.3126413622630896 mapped/rejected/continued 0 278 0
gentle-srgb brown_macadam_1949_ellipsoids None mapped/rejected/continued 0 1045 0
gentle-srgb huang_2012_cielab_ellipses 0.3193541406851441 mapped/rejected/continued 0 34 0
gentle-srgb berns_1991_rit_dupont_tolerance_vectors 0.3520942368386187 mapped/rejected/continued 0 16 0
gentle-srgb hong_2025_ellipsoids 0.25687862526126604 mapped/rejected/continued 0 0 0
FINISHED gentle-srgb 30.93336812062316 29.24400756790149
parent-full hung_berns None mapped/rejected/continued 0 5 0
parent-full ebner_fairchild 2.242868894705369 mapped/rejected/continued 0 0 0
parent-full munsell 3.8162200642434185 mapped/rejected/continued 0 0 0
parent-full xiao_unique_hues 1.7425659709829704 mapped/rejected/continued 0 0 0
parent-full osa_ucs_1974 0.2756537452617247 mapped/rejected/continued 0 0 0
parent-full macadam1942 0.3278290531012834 mapped/rejected/continued 0 0 25
parent-full luo_rigg_ellipses 0.30885087071567713 mapped/rejected/continued 0 0 0
parent-full alder1982 0.3190094829154321 mapped/rejected/continued 0 0 15
parent-full regan_1994_cvd_ellipses 0.2244858288578872 mapped/rejected/continued 0 0 0
parent-full koenderink_2026_3d_metric_field 0.3681020469309314 mapped/rejected/continued 0 0 0
parent-full brown_1957_12obs_ellipsoids 0.3805136142229584 mapped/rejected/continued 0 191 29
parent-full wyszecki_fielder_1971_ellipsoids 0.32958007874393364 mapped/rejected/continued 0 41 0
parent-full brown_macadam_1949_ellipsoids 0.30631186734462396 mapped/rejected/continued 0 378 138
parent-full huang_2012_cielab_ellipses 0.30993883609425776 mapped/rejected/continued 0 0 0
parent-full berns_1991_rit_dupont_tolerance_vectors 0.3367300237709602 mapped/rejected/continued 0 0 0
parent-full hong_2025_ellipsoids 0.3028070710230804 mapped/rejected/continued 0 0 0
FINISHED parent-full 32.35472466477597 30.371858100792252
balanced-full hung_berns None mapped/rejected/continued 0 5 0
balanced-full ebner_fairchild 2.242868894705369 mapped/rejected/continued 0 0 0
balanced-full munsell 3.8162200642434185 mapped/rejected/continued 0 0 0
balanced-full xiao_unique_hues 1.7425659709829697 mapped/rejected/continued 0 0 0
balanced-full osa_ucs_1974 0.2901087147421342 mapped/rejected/continued 0 0 0
balanced-full macadam1942 0.34671393288659486 mapped/rejected/continued 0 0 25
balanced-full luo_rigg_ellipses 0.3247715989584314 mapped/rejected/continued 0 0 0
balanced-full alder1982 0.328289719370738 mapped/rejected/continued 0 0 15
balanced-full regan_1994_cvd_ellipses 0.23163498092495668 mapped/rejected/continued 0 0 0
balanced-full koenderink_2026_3d_metric_field 0.3864784044695207 mapped/rejected/continued 0 0 0
balanced-full brown_1957_12obs_ellipsoids 0.3418957066823843 mapped/rejected/continued 0 191 29
balanced-full wyszecki_fielder_1971_ellipsoids 0.33732383551027034 mapped/rejected/continued 0 41 0
balanced-full brown_macadam_1949_ellipsoids 0.3102869344268954 mapped/rejected/continued 0 378 138
balanced-full huang_2012_cielab_ellipses 0.30952184838015834 mapped/rejected/continued 0 0 0
balanced-full berns_1991_rit_dupont_tolerance_vectors 0.34286556047979416 mapped/rejected/continued 0 0 0
balanced-full hong_2025_ellipsoids 0.3014736773395226 mapped/rejected/continued 0 0 0
FINISHED balanced-full 32.48447300671502 30.219765761581534
gentle-full hung_berns None mapped/rejected/continued 0 5 0
gentle-full ebner_fairchild 2.242868894705369 mapped/rejected/continued 0 0 0
gentle-full munsell 3.8162200642434185 mapped/rejected/continued 0 0 0
gentle-full xiao_unique_hues 1.7425659709829697 mapped/rejected/continued 0 0 0
gentle-full osa_ucs_1974 0.2750899018149533 mapped/rejected/continued 0 0 0
gentle-full macadam1942 0.3327515634216961 mapped/rejected/continued 0 0 25
gentle-full luo_rigg_ellipses 0.3121094261945969 mapped/rejected/continued 0 0 0
gentle-full alder1982 0.3205992192987287 mapped/rejected/continued 0 0 15
gentle-full regan_1994_cvd_ellipses 0.22726530261495476 mapped/rejected/continued 0 0 0
gentle-full koenderink_2026_3d_metric_field 0.39018061762813794 mapped/rejected/continued 0 0 0
gentle-full brown_1957_12obs_ellipsoids 0.35611332343769275 mapped/rejected/continued 0 191 29
gentle-full wyszecki_fielder_1971_ellipsoids 0.3320684290802479 mapped/rejected/continued 0 41 0
gentle-full brown_macadam_1949_ellipsoids 0.30802794382287574 mapped/rejected/continued 0 378 138
gentle-full huang_2012_cielab_ellipses 0.315738198744914 mapped/rejected/continued 0 0 0
gentle-full berns_1991_rit_dupont_tolerance_vectors 0.3259122166824958 mapped/rejected/continued 0 0 0
gentle-full hong_2025_ellipsoids 0.2990782001350932 mapped/rejected/continued 0 0 0
FINISHED gentle-full 31.77631152461676 29.74755815983491
balanced-full-clip hung_berns 3.397949177217452 mapped/rejected/continued 5 0 0
balanced-full-clip ebner_fairchild 2.242868894705369 mapped/rejected/continued 0 0 0
balanced-full-clip munsell 3.8162200642434185 mapped/rejected/continued 0 0 0
balanced-full-clip xiao_unique_hues 1.7425659709829697 mapped/rejected/continued 0 0 0
balanced-full-clip osa_ucs_1974 0.2901087147421342 mapped/rejected/continued 0 0 0
balanced-full-clip macadam1942 0.34671393288659486 mapped/rejected/continued 0 0 25
balanced-full-clip luo_rigg_ellipses 0.3247715989584314 mapped/rejected/continued 0 0 0
balanced-full-clip alder1982 0.328289719370738 mapped/rejected/continued 0 0 15
balanced-full-clip regan_1994_cvd_ellipses 0.23163498092495668 mapped/rejected/continued 0 0 0
balanced-full-clip koenderink_2026_3d_metric_field 0.3864784044695207 mapped/rejected/continued 0 0 0
balanced-full-clip brown_1957_12obs_ellipsoids 0.35283163127076056 mapped/rejected/continued 191 0 80
balanced-full-clip wyszecki_fielder_1971_ellipsoids 0.325616800702374 mapped/rejected/continued 41 0 0
balanced-full-clip brown_macadam_1949_ellipsoids 0.34331345002163455 mapped/rejected/continued 378 0 187
balanced-full-clip huang_2012_cielab_ellipses 0.30952184838015834 mapped/rejected/continued 0 0 0
balanced-full-clip berns_1991_rit_dupont_tolerance_vectors 0.34286556047979416 mapped/rejected/continued 0 0 0
balanced-full-clip hong_2025_ellipsoids 0.3014736773395226 mapped/rejected/continued 0 0 0
FINISHED balanced-full-clip 32.48447300671502 30.219765761581534
gentle-full-clip hung_berns 3.397949177217452 mapped/rejected/continued 5 0 0
gentle-full-clip ebner_fairchild 2.242868894705369 mapped/rejected/continued 0 0 0
gentle-full-clip munsell 3.8162200642434185 mapped/rejected/continued 0 0 0
gentle-full-clip xiao_unique_hues 1.7425659709829697 mapped/rejected/continued 0 0 0
gentle-full-clip osa_ucs_1974 0.2750899018149533 mapped/rejected/continued 0 0 0
gentle-full-clip macadam1942 0.3327515634216961 mapped/rejected/continued 0 0 25
gentle-full-clip luo_rigg_ellipses 0.3121094261945969 mapped/rejected/continued 0 0 0
gentle-full-clip alder1982 0.3205992192987287 mapped/rejected/continued 0 0 15
gentle-full-clip regan_1994_cvd_ellipses 0.22726530261495476 mapped/rejected/continued 0 0 0
gentle-full-clip koenderink_2026_3d_metric_field 0.39018061762813794 mapped/rejected/continued 0 0 0
gentle-full-clip brown_1957_12obs_ellipsoids 0.3530528330493909 mapped/rejected/continued 191 0 80
gentle-full-clip wyszecki_fielder_1971_ellipsoids 0.3213119320611069 mapped/rejected/continued 41 0 0
gentle-full-clip brown_macadam_1949_ellipsoids 0.34423068214891656 mapped/rejected/continued 378 0 187
gentle-full-clip huang_2012_cielab_ellipses 0.315738198744914 mapped/rejected/continued 0 0 0
gentle-full-clip berns_1991_rit_dupont_tolerance_vectors 0.3259122166824958 mapped/rejected/continued 0 0 0
gentle-full-clip hong_2025_ellipsoids 0.2990782001350932 mapped/rejected/continued 0 0 0
FINISHED gentle-full-clip 31.77631152461676 29.74755815983491
