parent-srgb hung_berns 3.73161682574252 mapped 78 rejected 0
parent-srgb ebner_fairchild 2.2426488468207717 mapped 70 rejected 0
parent-srgb munsell 4.116543479352506 mapped 1232 rejected 0
parent-srgb xiao_unique_hues 1.7425659709829548 mapped 0 rejected 0
parent-srgb osa_ucs_1974 0.27485595962527076 mapped 19 rejected 0
parent-srgb macadam1942 0.3302741532436126 mapped 300 rejected 0
parent-srgb luo_rigg_ellipses 0.3049798927389679 mapped 605 rejected 0
parent-srgb alder1982 0.32143041779808995 mapped 364 rejected 0
parent-srgb regan_1994_cvd_ellipses 0.21437983456022866 mapped 8 rejected 0
parent-srgb koenderink_2026_3d_metric_field 0.31851267616622664 mapped 0 rejected 0
parent-srgb brown_1957_12obs_ellipsoids 0.48106302477222396 mapped 396 rejected 0
parent-srgb wyszecki_fielder_1971_ellipsoids 0.33204600073809953 mapped 278 rejected 0
parent-srgb brown_macadam_1949_ellipsoids 0.46810179557906445 mapped 1045 rejected 0
parent-srgb huang_2012_cielab_ellipses 0.33648349995331867 mapped 34 rejected 0
parent-srgb berns_1991_rit_dupont_tolerance_vectors 0.3620351385059938 mapped 16 rejected 0
parent-srgb hong_2025_ellipsoids 0.26247164764123604 mapped 0 rejected 0
DONE parent-srgb 34.63100604512702 38.3879669152992 482
boundary-srgb hung_berns 3.73161682574252 mapped 78 rejected 0
boundary-srgb ebner_fairchild 2.2426488468207717 mapped 70 rejected 0
boundary-srgb munsell 4.116543479352506 mapped 1232 rejected 0
boundary-srgb xiao_unique_hues 1.7425659709829548 mapped 0 rejected 0
boundary-srgb osa_ucs_1974 0.27485595962527076 mapped 19 rejected 0
boundary-srgb macadam1942 0.3302741532436126 mapped 300 rejected 0
boundary-srgb luo_rigg_ellipses 0.3049798927389679 mapped 605 rejected 0
boundary-srgb alder1982 0.32143041779808995 mapped 364 rejected 0
boundary-srgb regan_1994_cvd_ellipses 0.21437983456022866 mapped 8 rejected 0
boundary-srgb koenderink_2026_3d_metric_field 0.31851267616622664 mapped 0 rejected 0
boundary-srgb brown_1957_12obs_ellipsoids 0.4810630392064847 mapped 396 rejected 0
boundary-srgb wyszecki_fielder_1971_ellipsoids 0.3320459179938118 mapped 278 rejected 0
boundary-srgb brown_macadam_1949_ellipsoids 0.46809649204485704 mapped 1045 rejected 0
boundary-srgb huang_2012_cielab_ellipses 0.33648349995331867 mapped 34 rejected 0
boundary-srgb berns_1991_rit_dupont_tolerance_vectors 0.3620351385059938 mapped 16 rejected 0
boundary-srgb hong_2025_ellipsoids 0.26247164764123604 mapped 0 rejected 0
DONE boundary-srgb 34.63100604512702 38.3879669152992 482
balanced-srgb hung_berns 3.73161682574252 mapped 78 rejected 0
balanced-srgb ebner_fairchild 2.2426488468207717 mapped 70 rejected 0
balanced-srgb munsell 4.116543479352506 mapped 1232 rejected 0
balanced-srgb xiao_unique_hues 1.7425659709829548 mapped 0 rejected 0
balanced-srgb osa_ucs_1974 0.2779971663065593 mapped 19 rejected 0
balanced-srgb macadam1942 0.3299836789890638 mapped 300 rejected 0
balanced-srgb luo_rigg_ellipses 0.3054374871736604 mapped 605 rejected 0
balanced-srgb alder1982 0.3231544341522728 mapped 364 rejected 0
balanced-srgb regan_1994_cvd_ellipses 0.22080979415365704 mapped 8 rejected 0
balanced-srgb koenderink_2026_3d_metric_field 0.31995228883747434 mapped 0 rejected 0
balanced-srgb brown_1957_12obs_ellipsoids 0.48061002151445625 mapped 396 rejected 0
balanced-srgb wyszecki_fielder_1971_ellipsoids 0.3307015263308519 mapped 278 rejected 0
balanced-srgb brown_macadam_1949_ellipsoids 0.46944529216986697 mapped 1045 rejected 0
balanced-srgb huang_2012_cielab_ellipses 0.339773212936109 mapped 34 rejected 0
balanced-srgb berns_1991_rit_dupont_tolerance_vectors 0.35528974497746185 mapped 16 rejected 0
balanced-srgb hong_2025_ellipsoids 0.2633278519313188 mapped 0 rejected 0
DONE balanced-srgb 34.77504338692752 38.55716839034062 482
metric-srgb hung_berns 3.73161682574252 mapped 78 rejected 0
metric-srgb ebner_fairchild 2.2426488468207713 mapped 70 rejected 0
metric-srgb munsell 4.116543479352506 mapped 1232 rejected 0
metric-srgb xiao_unique_hues 1.7425659709829548 mapped 0 rejected 0
metric-srgb osa_ucs_1974 0.27803146263987555 mapped 19 rejected 0
metric-srgb macadam1942 0.32894597084006627 mapped 300 rejected 0
metric-srgb luo_rigg_ellipses 0.30415255910722533 mapped 605 rejected 0
metric-srgb alder1982 0.32183618168889927 mapped 364 rejected 0
metric-srgb regan_1994_cvd_ellipses 0.2152392657938542 mapped 8 rejected 0
metric-srgb koenderink_2026_3d_metric_field 0.32128664691594955 mapped 0 rejected 0
metric-srgb brown_1957_12obs_ellipsoids 0.48185184635974937 mapped 396 rejected 0
metric-srgb wyszecki_fielder_1971_ellipsoids 0.3334866119739586 mapped 278 rejected 0
metric-srgb brown_macadam_1949_ellipsoids 0.47012921379777917 mapped 1045 rejected 0
metric-srgb huang_2012_cielab_ellipses 0.3339957704605564 mapped 34 rejected 0
metric-srgb berns_1991_rit_dupont_tolerance_vectors 0.3606342594546837 mapped 16 rejected 0
metric-srgb hong_2025_ellipsoids 0.26298327664240506 mapped 0 rejected 0
DONE metric-srgb 34.48919638629435 38.1263385856855 482
parent-full hung_berns 3.397949177217452 mapped 5 rejected 0
parent-full ebner_fairchild 2.242868894705369 mapped 0 rejected 0
parent-full munsell 3.8162200642434185 mapped 0 rejected 0
parent-full xiao_unique_hues 1.7425659709829697 mapped 0 rejected 0
parent-full osa_ucs_1974 0.2901087147421342 mapped 0 rejected 0
parent-full macadam1942 0.34671393288659486 mapped 0 rejected 0
parent-full luo_rigg_ellipses 0.3247715989584314 mapped 0 rejected 0
parent-full alder1982 0.328289719370738 mapped 0 rejected 0
parent-full regan_1994_cvd_ellipses 0.23163498092495668 mapped 0 rejected 0
parent-full koenderink_2026_3d_metric_field 0.3864784044695207 mapped 0 rejected 0
parent-full brown_1957_12obs_ellipsoids 0.35283163127076056 mapped 191 rejected 0
parent-full wyszecki_fielder_1971_ellipsoids 0.325616800702374 mapped 41 rejected 0
parent-full brown_macadam_1949_ellipsoids 0.34331345002163455 mapped 378 rejected 0
parent-full huang_2012_cielab_ellipses 0.30952184838015834 mapped 0 rejected 0
parent-full berns_1991_rit_dupont_tolerance_vectors 0.34286556047979416 mapped 0 rejected 0
parent-full hong_2025_ellipsoids 0.3014736773395226 mapped 0 rejected 0
DONE parent-full 30.219765761581534 32.48447300671502 0
boundary-full hung_berns 3.398766912630055 mapped 5 rejected 0
boundary-full ebner_fairchild 2.241444635339662 mapped 0 rejected 0
boundary-full munsell 3.814760894130379 mapped 0 rejected 0
boundary-full xiao_unique_hues 1.7411979551585641 mapped 0 rejected 0
boundary-full osa_ucs_1974 0.2900490674199071 mapped 0 rejected 0
boundary-full macadam1942 0.3464203743785796 mapped 0 rejected 0
boundary-full luo_rigg_ellipses 0.3250732405428177 mapped 0 rejected 0
boundary-full alder1982 0.3283194971467223 mapped 0 rejected 0
boundary-full regan_1994_cvd_ellipses 0.23162770998030474 mapped 0 rejected 0
boundary-full koenderink_2026_3d_metric_field 0.3865951575665851 mapped 0 rejected 0
boundary-full brown_1957_12obs_ellipsoids 0.35285764047179907 mapped 191 rejected 0
boundary-full wyszecki_fielder_1971_ellipsoids 0.32567946002763337 mapped 41 rejected 0
boundary-full brown_macadam_1949_ellipsoids 0.34328176112273123 mapped 378 rejected 0
boundary-full huang_2012_cielab_ellipses 0.3091493101993406 mapped 0 rejected 0
boundary-full berns_1991_rit_dupont_tolerance_vectors 0.3435196727983676 mapped 0 rejected 0
boundary-full hong_2025_ellipsoids 0.3014609082491365 mapped 0 rejected 0
DONE boundary-full 30.20868640009412 32.46536479960194 0
balanced-full hung_berns 3.398766912630055 mapped 5 rejected 0
balanced-full ebner_fairchild 2.241444635339662 mapped 0 rejected 0
balanced-full munsell 3.814760894130379 mapped 0 rejected 0
balanced-full xiao_unique_hues 1.7411979551585635 mapped 0 rejected 0
balanced-full osa_ucs_1974 0.2876288033731578 mapped 0 rejected 0
balanced-full macadam1942 0.3403918914965501 mapped 0 rejected 0
balanced-full luo_rigg_ellipses 0.3259507187055268 mapped 0 rejected 0
balanced-full alder1982 0.3254187276026017 mapped 0 rejected 0
balanced-full regan_1994_cvd_ellipses 0.23918890052245803 mapped 0 rejected 0
balanced-full koenderink_2026_3d_metric_field 0.38743504531923795 mapped 0 rejected 0
balanced-full brown_1957_12obs_ellipsoids 0.3527557067436111 mapped 191 rejected 0
balanced-full wyszecki_fielder_1971_ellipsoids 0.3246848433885532 mapped 41 rejected 0
balanced-full brown_macadam_1949_ellipsoids 0.3432360275918789 mapped 378 rejected 0
balanced-full huang_2012_cielab_ellipses 0.30716875415072675 mapped 0 rejected 0
balanced-full berns_1991_rit_dupont_tolerance_vectors 0.3338889893220228 mapped 0 rejected 0
balanced-full hong_2025_ellipsoids 0.30124742470130067 mapped 0 rejected 0
DONE balanced-full 30.161428514849042 32.36964573360686 0
metric-full hung_berns 3.398766912630055 mapped 5 rejected 0
metric-full ebner_fairchild 2.2414446353396618 mapped 0 rejected 0
metric-full munsell 3.814760894130379 mapped 0 rejected 0
metric-full xiao_unique_hues 1.7411979551585643 mapped 0 rejected 0
metric-full osa_ucs_1974 0.28996157674105183 mapped 0 rejected 0
metric-full macadam1942 0.3428478536149971 mapped 0 rejected 0
metric-full luo_rigg_ellipses 0.3248605220264469 mapped 0 rejected 0
metric-full alder1982 0.3277628590532531 mapped 0 rejected 0
metric-full regan_1994_cvd_ellipses 0.23193183786184474 mapped 0 rejected 0
metric-full koenderink_2026_3d_metric_field 0.38821294546709584 mapped 0 rejected 0
metric-full brown_1957_12obs_ellipsoids 0.3563649398215597 mapped 191 rejected 0
metric-full wyszecki_fielder_1971_ellipsoids 0.3245000791265936 mapped 41 rejected 0
metric-full brown_macadam_1949_ellipsoids 0.34515750295990416 mapped 378 rejected 0
metric-full huang_2012_cielab_ellipses 0.3110745620585429 mapped 0 rejected 0
metric-full berns_1991_rit_dupont_tolerance_vectors 0.337348744348938 mapped 0 rejected 0
metric-full hong_2025_ellipsoids 0.3001651536352235 mapped 0 rejected 0
DONE metric-full 29.94855464531939 32.127879751619446 0
COMPLETE 168 scored cells; unchanged original Python helpers and frozen models
