beta1 srgb hung_berns 3.7316168257425204 mapped 78
beta1 srgb ebner_fairchild 2.242648846820769 mapped 70
beta1 srgb munsell 4.116543479352507 mapped 1232
beta1 srgb xiao_unique_hues 1.7425659709829575 mapped 0
beta1 srgb osa_ucs_1974 0.27803146263987544 mapped 19
beta1 srgb macadam1942 0.328945970840066 mapped 300
beta1 srgb luo_rigg_ellipses 0.30415255910722566 mapped 605
beta1 srgb alder1982 0.3218361816888989 mapped 364
beta1 srgb regan_1994_cvd_ellipses 0.21523926579385397 mapped 8
beta1 srgb koenderink_2026_3d_metric_field 0.3212866469159495 mapped 0
beta1 srgb brown_1957_12obs_ellipsoids 0.48185184635974937 mapped 396
beta1 srgb wyszecki_fielder_1971_ellipsoids 0.33348661197395835 mapped 278
beta1 srgb brown_macadam_1949_ellipsoids 0.4701292137977791 mapped 1045
beta1 srgb huang_2012_cielab_ellipses 0.33399577046055734 mapped 34
beta1 srgb berns_1991_rit_dupont_tolerance_vectors 0.36063425945468264 mapped 16
beta1 srgb hong_2025_ellipsoids 0.26298327664240484 mapped 0
DONE beta1 srgb {'weighted': 34.48919638629439, 'unweighted': 38.12633858568552, 'pairs': 3813, 'mappedPairs': 482, 'audit': {'points': 7626, 'mapped': 898, 'rejected': 0, 'eventCounts': {'srgb-gamut-clipped': 898}}} beta max delta 2.2737367544323206e-13
beta1 full hung_berns 3.398766912630057 mapped 5
beta1 full ebner_fairchild 2.24144463533966 mapped 0
beta1 full munsell 3.8147608941303788 mapped 0
beta1 full xiao_unique_hues 1.7411979551585648 mapped 0
beta1 full osa_ucs_1974 0.289961576741052 mapped 0
beta1 full macadam1942 0.3428478536149986 mapped 0
beta1 full luo_rigg_ellipses 0.3248605220264468 mapped 0
beta1 full alder1982 0.3277628590532519 mapped 0
beta1 full regan_1994_cvd_ellipses 0.23193183786184385 mapped 0
beta1 full koenderink_2026_3d_metric_field 0.388212945467096 mapped 0
beta1 full brown_1957_12obs_ellipsoids 0.35636493982155976 mapped 191
beta1 full wyszecki_fielder_1971_ellipsoids 0.3245000791265936 mapped 41
beta1 full brown_macadam_1949_ellipsoids 0.3451575029599042 mapped 378
beta1 full huang_2012_cielab_ellipses 0.3110745620585442 mapped 0
beta1 full berns_1991_rit_dupont_tolerance_vectors 0.33734874434893247 mapped 0
beta1 full hong_2025_ellipsoids 0.30016515363522384 mapped 0
DONE beta1 full {'weighted': 29.9485546453193, 'unweighted': 32.12787975161929, 'pairs': 3813, 'mappedPairs': 0, 'audit': {'points': 7626, 'mapped': 0, 'rejected': 0, 'eventCounts': {}}} beta max delta 1.7053025658242404e-13
joint srgb hung_berns 4.74300635484086 mapped 78
joint srgb ebner_fairchild 2.7868594810937437 mapped 70
joint srgb munsell 4.372803218845682 mapped 1232
joint srgb xiao_unique_hues 1.7168100092889484 mapped 0
joint srgb osa_ucs_1974 0.27377221816186254 mapped 19
joint srgb macadam1942 0.3644766587114704 mapped 300
joint srgb luo_rigg_ellipses 0.3193493663875441 mapped 605
joint srgb alder1982 0.33008332713831334 mapped 364
joint srgb regan_1994_cvd_ellipses 0.27922159621983833 mapped 8
joint srgb koenderink_2026_3d_metric_field 0.3448473302926538 mapped 0
joint srgb brown_1957_12obs_ellipsoids 0.5079980193128787 mapped 396
joint srgb wyszecki_fielder_1971_ellipsoids 0.32823488271999013 mapped 278
joint srgb brown_macadam_1949_ellipsoids 0.4685579464948387 mapped 1045
joint srgb huang_2012_cielab_ellipses 0.33702748517938286 mapped 34
joint srgb berns_1991_rit_dupont_tolerance_vectors 0.3663146051649016 mapped 16
joint srgb hong_2025_ellipsoids 0.3347462534251566 mapped 0
DONE joint srgb {'weighted': 33.3582368949848, 'unweighted': 36.43119169859876, 'pairs': 3813, 'mappedPairs': 482, 'audit': {'points': 7626, 'mapped': 898, 'rejected': 0, 'eventCounts': {'srgb-gamut-clipped': 898}}} beta max delta None
joint full hung_berns 3.518030075812988 mapped 5
joint full ebner_fairchild 2.2432483693814578 mapped 0
joint full munsell 3.621148880066859 mapped 0
joint full xiao_unique_hues 1.7204678170120187 mapped 0
joint full osa_ucs_1974 0.29354694244574187 mapped 0
joint full macadam1942 0.3227479169527649 mapped 0
joint full luo_rigg_ellipses 0.30896691908639073 mapped 0
joint full alder1982 0.29506534469381984 mapped 0
joint full regan_1994_cvd_ellipses 0.24684519035610322 mapped 0
joint full koenderink_2026_3d_metric_field 0.3891376038107651 mapped 0
joint full brown_1957_12obs_ellipsoids 0.38061474499229797 mapped 191
joint full wyszecki_fielder_1971_ellipsoids 0.31622493291069736 mapped 41
joint full brown_macadam_1949_ellipsoids 0.35595549920751074 mapped 378
joint full huang_2012_cielab_ellipses 0.3002018133764609 mapped 0
joint full berns_1991_rit_dupont_tolerance_vectors 0.31504516140742134 mapped 0
joint full hong_2025_ellipsoids 0.343185199010244 mapped 0
DONE joint full {'weighted': 26.902322208333768, 'unweighted': 28.783791842379706, 'pairs': 3813, 'mappedPairs': 0, 'audit': {'points': 7626, 'mapped': 0, 'rejected': 0, 'eventCounts': {}}} beta max delta None
COMPLETE 84 original scored cells: /tmp/hrl-fresh-colorbench-board-v2.json
