parent-srgb hung_berns 3.731616825742521 mapped 78 rejected 0
parent-srgb ebner_fairchild 2.2426488468207726 mapped 70 rejected 0
parent-srgb munsell 4.1165434793525035 mapped 1232 rejected 0
parent-srgb xiao_unique_hues 1.7425659709829562 mapped 0 rejected 0
parent-srgb osa_ucs_1974 0.26908050182233706 mapped 19 rejected 0
parent-srgb macadam1942 0.32542281182994887 mapped 300 rejected 0
parent-srgb luo_rigg_ellipses 0.3007538189804692 mapped 605 rejected 0
parent-srgb alder1982 0.32318507340111274 mapped 364 rejected 0
parent-srgb regan_1994_cvd_ellipses 0.20601752342653828 mapped 8 rejected 0
parent-srgb koenderink_2026_3d_metric_field 0.3229890029987315 mapped 0 rejected 0
parent-srgb brown_1957_12obs_ellipsoids 0.4800946090735539 mapped 396 rejected 0
parent-srgb wyszecki_fielder_1971_ellipsoids 0.33152651154827406 mapped 278 rejected 0
parent-srgb brown_macadam_1949_ellipsoids 0.46786185876355024 mapped 1045 rejected 0
parent-srgb huang_2012_cielab_ellipses 0.3383868078820722 mapped 34 rejected 0
parent-srgb berns_1991_rit_dupont_tolerance_vectors 0.36609211872010633 mapped 16 rejected 0
parent-srgb hong_2025_ellipsoids 0.250620320268699 mapped 0 rejected 0
DONE parent-srgb 34.54501274100822 38.12801947547721 482
balanced-srgb hung_berns 3.7316168257425204 mapped 78 rejected 0
balanced-srgb ebner_fairchild 2.2426488468207735 mapped 70 rejected 0
balanced-srgb munsell 4.116543479352504 mapped 1232 rejected 0
balanced-srgb xiao_unique_hues 1.7425659709829562 mapped 0 rejected 0
balanced-srgb osa_ucs_1974 0.27485595962527076 mapped 19 rejected 0
balanced-srgb macadam1942 0.33027415324361903 mapped 300 rejected 0
balanced-srgb luo_rigg_ellipses 0.3049798927389679 mapped 605 rejected 0
balanced-srgb alder1982 0.32143041779808607 mapped 364 rejected 0
balanced-srgb regan_1994_cvd_ellipses 0.21437983456022866 mapped 8 rejected 0
balanced-srgb koenderink_2026_3d_metric_field 0.3185126761662263 mapped 0 rejected 0
balanced-srgb brown_1957_12obs_ellipsoids 0.48106302477222407 mapped 396 rejected 0
balanced-srgb wyszecki_fielder_1971_ellipsoids 0.3320460007380996 mapped 278 rejected 0
balanced-srgb brown_macadam_1949_ellipsoids 0.46810179557906456 mapped 1045 rejected 0
balanced-srgb huang_2012_cielab_ellipses 0.33648349995331944 mapped 34 rejected 0
balanced-srgb berns_1991_rit_dupont_tolerance_vectors 0.3620351385059927 mapped 16 rejected 0
balanced-srgb hong_2025_ellipsoids 0.2624716476412355 mapped 0 rejected 0
DONE balanced-srgb 34.631006045126895 38.387966915299195 482
gentle-srgb hung_berns 3.7316168257425204 mapped 78 rejected 0
gentle-srgb ebner_fairchild 2.242648846820773 mapped 70 rejected 0
gentle-srgb munsell 4.116543479352504 mapped 1232 rejected 0
gentle-srgb xiao_unique_hues 1.7425659709829548 mapped 0 rejected 0
gentle-srgb osa_ucs_1974 0.2725279994681716 mapped 19 rejected 0
gentle-srgb macadam1942 0.32575393702797506 mapped 300 rejected 0
gentle-srgb luo_rigg_ellipses 0.30081057891793495 mapped 605 rejected 0
gentle-srgb alder1982 0.3173620911922902 mapped 364 rejected 0
gentle-srgb regan_1994_cvd_ellipses 0.21870817251225977 mapped 8 rejected 0
gentle-srgb koenderink_2026_3d_metric_field 0.31871947404633705 mapped 0 rejected 0
gentle-srgb brown_1957_12obs_ellipsoids 0.4812747308046965 mapped 396 rejected 0
gentle-srgb wyszecki_fielder_1971_ellipsoids 0.3293610527184786 mapped 278 rejected 0
gentle-srgb brown_macadam_1949_ellipsoids 0.4685135006577945 mapped 1045 rejected 0
gentle-srgb huang_2012_cielab_ellipses 0.33739304239840495 mapped 34 rejected 0
gentle-srgb berns_1991_rit_dupont_tolerance_vectors 0.3575720127912327 mapped 16 rejected 0
gentle-srgb hong_2025_ellipsoids 0.2568786252612657 mapped 0 rejected 0
DONE gentle-srgb 34.51404172204822 38.222827703718394 482
parent-full hung_berns 3.3979491772174533 mapped 5 rejected 0
parent-full ebner_fairchild 2.242868894705369 mapped 0 rejected 0
parent-full munsell 3.8162200642434128 mapped 0 rejected 0
parent-full xiao_unique_hues 1.742565970982971 mapped 0 rejected 0
parent-full osa_ucs_1974 0.2756537452617247 mapped 0 rejected 0
parent-full macadam1942 0.3278290531012701 mapped 0 rejected 0
parent-full luo_rigg_ellipses 0.308850870715678 mapped 0 rejected 0
parent-full alder1982 0.3190094829154314 mapped 0 rejected 0
parent-full regan_1994_cvd_ellipses 0.2244858288578872 mapped 0 rejected 0
parent-full koenderink_2026_3d_metric_field 0.36810204693093146 mapped 0 rejected 0
parent-full brown_1957_12obs_ellipsoids 0.3613319180244159 mapped 191 rejected 0
parent-full wyszecki_fielder_1971_ellipsoids 0.3181436763882524 mapped 41 rejected 0
parent-full brown_macadam_1949_ellipsoids 0.34930343283249443 mapped 378 rejected 0
parent-full huang_2012_cielab_ellipses 0.3099388360942581 mapped 0 rejected 0
parent-full berns_1991_rit_dupont_tolerance_vectors 0.33673002377096045 mapped 0 rejected 0
parent-full hong_2025_ellipsoids 0.30280707102308035 mapped 0 rejected 0
DONE parent-full 30.371858100792444 32.35472466477607 0
balanced-full hung_berns 3.3979491772174533 mapped 5 rejected 0
balanced-full ebner_fairchild 2.2428688947053694 mapped 0 rejected 0
balanced-full munsell 3.8162200642434123 mapped 0 rejected 0
balanced-full xiao_unique_hues 1.7425659709829704 mapped 0 rejected 0
balanced-full osa_ucs_1974 0.2901087147421342 mapped 0 rejected 0
balanced-full macadam1942 0.3467139328865956 mapped 0 rejected 0
balanced-full luo_rigg_ellipses 0.32477159895843155 mapped 0 rejected 0
balanced-full alder1982 0.3282897193707388 mapped 0 rejected 0
balanced-full regan_1994_cvd_ellipses 0.23163498092495668 mapped 0 rejected 0
balanced-full koenderink_2026_3d_metric_field 0.3864784044695207 mapped 0 rejected 0
balanced-full brown_1957_12obs_ellipsoids 0.3528316312707606 mapped 191 rejected 0
balanced-full wyszecki_fielder_1971_ellipsoids 0.325616800702374 mapped 41 rejected 0
balanced-full brown_macadam_1949_ellipsoids 0.34331345002163455 mapped 378 rejected 0
balanced-full huang_2012_cielab_ellipses 0.30952184838015695 mapped 0 rejected 0
balanced-full berns_1991_rit_dupont_tolerance_vectors 0.34286556047979416 mapped 0 rejected 0
balanced-full hong_2025_ellipsoids 0.3014736773395232 mapped 0 rejected 0
DONE balanced-full 30.21976576158184 32.48447300671518 0
gentle-full hung_berns 3.3979491772174533 mapped 5 rejected 0
gentle-full ebner_fairchild 2.2428688947053694 mapped 0 rejected 0
gentle-full munsell 3.8162200642434128 mapped 0 rejected 0
gentle-full xiao_unique_hues 1.7425659709829713 mapped 0 rejected 0
gentle-full osa_ucs_1974 0.2750899018149533 mapped 0 rejected 0
gentle-full macadam1942 0.33275156342168005 mapped 0 rejected 0
gentle-full luo_rigg_ellipses 0.3121094261945972 mapped 0 rejected 0
gentle-full alder1982 0.32059921929872864 mapped 0 rejected 0
gentle-full regan_1994_cvd_ellipses 0.22726530261495476 mapped 0 rejected 0
gentle-full koenderink_2026_3d_metric_field 0.39018061762813805 mapped 0 rejected 0
gentle-full brown_1957_12obs_ellipsoids 0.35305283304939106 mapped 191 rejected 0
gentle-full wyszecki_fielder_1971_ellipsoids 0.321311932061107 mapped 41 rejected 0
gentle-full brown_macadam_1949_ellipsoids 0.3442306821489166 mapped 378 rejected 0
gentle-full huang_2012_cielab_ellipses 0.3157381987449126 mapped 0 rejected 0
gentle-full berns_1991_rit_dupont_tolerance_vectors 0.32591221668249637 mapped 0 rejected 0
gentle-full hong_2025_ellipsoids 0.29907820013509273 mapped 0 rejected 0
DONE gentle-full 29.747558159835 31.7763115246168 0
COMPLETE 126 scored cells; unchanged original Python helpers and frozen models
